../Drivers/STM32F4xx_HAL_Driver/Inc/stm32f4xx_ll_usart.h:527:26:LL_USART_IsEnabled	16	static
../Drivers/STM32F4xx_HAL_Driver/Inc/stm32f4xx_ll_usart.h:874:22:LL_USART_DisableSCLKOutput	16	static
../Drivers/STM32F4xx_HAL_Driver/Inc/stm32f4xx_ll_usart.h:902:22:LL_USART_SetStopBitsLength	16	static
../Drivers/STM32F4xx_HAL_Driver/Inc/stm32f4xx_ll_usart.h:1050:22:LL_USART_SetHWFlowCtrl	16	static
../Drivers/STM32F4xx_HAL_Driver/Inc/stm32f4xx_ll_usart.h:1119:22:LL_USART_SetBaudRate	288	static
../Drivers/STM32F4xx_HAL_Driver/Inc/stm32f4xx_ll_bus.h:1386:22:LL_APB1_GRP1_ForceReset	16	static
../Drivers/STM32F4xx_HAL_Driver/Inc/stm32f4xx_ll_bus.h:1457:22:LL_APB1_GRP1_ReleaseReset	16	static
../Drivers/STM32F4xx_HAL_Driver/Inc/stm32f4xx_ll_bus.h:1859:22:LL_APB2_GRP1_ForceReset	16	static
../Drivers/STM32F4xx_HAL_Driver/Inc/stm32f4xx_ll_bus.h:1916:22:LL_APB2_GRP1_ReleaseReset	16	static
../Drivers/STM32F4xx_HAL_Driver/Src/stm32f4xx_ll_usart.c:137:13:LL_USART_DeInit	24	static
../Drivers/STM32F4xx_HAL_Driver/Src/stm32f4xx_ll_usart.c:253:13:LL_USART_Init	40	static
../Drivers/STM32F4xx_HAL_Driver/Src/stm32f4xx_ll_usart.c:389:6:LL_USART_StructInit	16	static
../Drivers/STM32F4xx_HAL_Driver/Src/stm32f4xx_ll_usart.c:417:1:LL_USART_ClockInit	24	static
../Drivers/STM32F4xx_HAL_Driver/Src/stm32f4xx_ll_usart.c:481:6:LL_USART_ClockStructInit	16	static
