../Drivers/STM32F4xx_HAL_Driver/Inc/stm32f4xx_ll_adc.h:3409:22:LL_ADC_REG_SetTriggerSource	16	static
../Drivers/STM32F4xx_HAL_Driver/Inc/stm32f4xx_ll_adc.h:3557:22:LL_ADC_REG_SetSequencerLength	16	static
../Drivers/STM32F4xx_HAL_Driver/Inc/stm32f4xx_ll_adc.h:4053:22:LL_ADC_INJ_SetTriggerSource	16	static
../Drivers/STM32F4xx_HAL_Driver/Inc/stm32f4xx_ll_adc.h:4167:22:LL_ADC_INJ_SetSequencerLength	16	static
../Drivers/STM32F4xx_HAL_Driver/Inc/stm32f4xx_ll_adc.h:5182:22:LL_ADC_Disable	16	static
../Drivers/STM32F4xx_HAL_Driver/Inc/stm32f4xx_ll_adc.h:5192:26:LL_ADC_IsEnabled	16	static
../Drivers/STM32F4xx_HAL_Driver/Inc/stm32f4xx_ll_bus.h:1859:22:LL_APB2_GRP1_ForceReset	16	static
../Drivers/STM32F4xx_HAL_Driver/Inc/stm32f4xx_ll_bus.h:1916:22:LL_APB2_GRP1_ReleaseReset	16	static
../Drivers/STM32F4xx_HAL_Driver/Src/stm32f4xx_ll_adc.c:268:13:LL_ADC_CommonDeInit	16	static
../Drivers/STM32F4xx_HAL_Driver/Src/stm32f4xx_ll_adc.c:298:13:LL_ADC_CommonInit	32	static
../Drivers/STM32F4xx_HAL_Driver/Src/stm32f4xx_ll_adc.c:364:6:LL_ADC_CommonStructInit	16	static
../Drivers/STM32F4xx_HAL_Driver/Src/stm32f4xx_ll_adc.c:389:13:LL_ADC_DeInit	24	static
../Drivers/STM32F4xx_HAL_Driver/Src/stm32f4xx_ll_adc.c:521:13:LL_ADC_Init	24	static
../Drivers/STM32F4xx_HAL_Driver/Src/stm32f4xx_ll_adc.c:556:6:LL_ADC_StructInit	16	static
../Drivers/STM32F4xx_HAL_Driver/Src/stm32f4xx_ll_adc.c:601:13:LL_ADC_REG_Init	24	static
../Drivers/STM32F4xx_HAL_Driver/Src/stm32f4xx_ll_adc.c:674:6:LL_ADC_REG_StructInit	16	static
../Drivers/STM32F4xx_HAL_Driver/Src/stm32f4xx_ll_adc.c:719:13:LL_ADC_INJ_Init	24	static
../Drivers/STM32F4xx_HAL_Driver/Src/stm32f4xx_ll_adc.c:779:6:LL_ADC_INJ_StructInit	16	static
