../Drivers/STM32F4xx_HAL_Driver/Inc/stm32f4xx_ll_usart.h:1897:26:LL_USART_IsActiveFlag_TC	16	static
../Drivers/STM32F4xx_HAL_Driver/Inc/stm32f4xx_ll_usart.h:1908:1:LL_USART_IsActiveFlag_TXE	16	static
../Drivers/STM32F4xx_HAL_Driver/Inc/stm32f4xx_ll_usart.h:2485:22:LL_USART_TransmitData8	16	static
../lib/gsm/gsm.c:19:6:handle_urc_rdy	24	static
../lib/gsm/gsm.c:29:6:handle_urc_powered_down	24	static
../lib/gsm/gsm.c:39:6:handle_urc_cmee	24	static
../lib/gsm/gsm.c:44:6:handle_urc_cgdcont	224	static
../lib/gsm/gsm.c:83:6:handle_urc_cpin	216	static
../lib/gsm/gsm.c:110:6:handle_urc_cops	216	static
../lib/gsm/gsm.c:144:6:handle_urc_qiopen	224	static
../lib/gsm/gsm.c:191:6:handle_urc_qiclose	232	static
../lib/gsm/gsm.c:245:6:handle_urc_qisend	216	static
../lib/gsm/gsm.c:274:6:handle_urc_qird	216	static
../lib/gsm/gsm.c:308:6:handle_urc_qistate	216	static
../lib/gsm/gsm.c:348:6:handle_urc_qiurc	64	static
../lib/gsm/gsm.c:418:6:handle_urc_qcfg	24	static
../lib/gsm/gsm.c:476:20:add_payload	16	static
../lib/gsm/gsm.c:483:20:clear_payload	16	static
../lib/gsm/gsm.c:488:22:recv_payload_len	16	static
../lib/gsm/gsm.c:490:13:handle_urc_status	32	static
../lib/gsm/gsm.c:511:13:handle_urc_info	48	static
../lib/gsm/gsm.c:551:6:gsm_parse_response	240	static
../lib/gsm/gsm.c:630:6:gsm_parse_process	32	static
../lib/gsm/gsm.c:710:6:gsm_send_at_cmd	336	static
../lib/gsm/gsm.c:758:6:gsm_send_at_cmee	40	static
../lib/gsm/gsm.c:770:6:gsm_send_at_cgdcont	352	static
../lib/gsm/gsm.c:838:5:gsm_uart_send	24	static
../lib/gsm/gsm.c:856:6:gsm_init	24	static
../lib/gsm/gsm.c:877:13:tcp_pbuf_alloc	24	static
../lib/gsm/gsm.c:895:6:tcp_pbuf_free	16	static
../lib/gsm/gsm.c:905:6:tcp_pbuf_free_chain	24	static
../lib/gsm/gsm.c:915:5:tcp_pbuf_enqueue	24	static
../lib/gsm/gsm.c:943:13:tcp_pbuf_dequeue	24	static
../lib/gsm/gsm.c:960:13:tcp_read_complete_callback	48	static
../lib/gsm/gsm.c:997:13:gsm_tcp_task	32	static
../lib/gsm/gsm.c:1054:6:gsm_tcp_init	32	static
../lib/gsm/gsm.c:1081:19:gsm_tcp_get_socket	16	static
../lib/gsm/gsm.c:1089:5:gsm_tcp_open	360	static
../lib/gsm/gsm.c:1182:5:gsm_tcp_close	336	static
../lib/gsm/gsm.c:1275:5:gsm_tcp_close_force	296	static
../lib/gsm/gsm.c:1352:5:gsm_tcp_send	352	static
../lib/gsm/gsm.c:1414:5:gsm_tcp_read	352	static
../lib/gsm/gsm.c:1473:6:gsm_send_at_ate	40	static
../lib/gsm/gsm.c:1482:6:gsm_send_at_qisde	40	static
../lib/gsm/gsm.c:1497:6:gsm_send_at_qistate	40	static
../lib/gsm/gsm.c:1506:6:gsm_send_at_qicfg_keepalive	112	static
../lib/gsm/gsm.c:1516:6:gsm_send_at_qpowd	40	static
../lib/gsm/gsm.c:1522:6:gsm_send_at_qcfg_airplanecontrol	64	static
