../Drivers/CMSIS/Include/core_cm4.h:2356:34:__NVIC_SystemReset	4	static,ignoring_inline_asm
../modules/ble/ble_cmd.c:45:6:bot_ok_handler	16	static
../modules/ble/ble_cmd.c:50:6:bot_err_handler	16	static
../modules/ble/ble_cmd.c:55:6:bot_rdy_handler	16	static
../modules/ble/ble_cmd.c:60:6:bot_advertising_handler	16	static
../modules/ble/ble_cmd.c:65:6:bot_connected_handler	16	static
../modules/ble/ble_cmd.c:70:6:bot_disconnected_handler	16	static
../modules/ble/ble_cmd.c:101:6:ble_app_cmd_handler	24	static
../modules/ble/ble_cmd.c:115:6:ble_at_cmd_handler	40	static
../modules/ble/ble_cmd.c:239:13:sd_handler	176	static
../modules/ble/ble_cmd.c:277:13:sc_handler	200	static
../modules/ble/ble_cmd.c:301:13:sm_handler	160	static
../modules/ble/ble_cmd.c:315:13:si_handler	160	static
../modules/ble/ble_cmd.c:330:13:sp_handler	160	static
../modules/ble/ble_cmd.c:344:13:sg_handler	264	static
../modules/ble/ble_cmd.c:389:13:ss_handler	24	static
../modules/ble/ble_cmd.c:400:13:gd_handler	64	static
../modules/ble/ble_cmd.c:408:13:gi_handler	64	static
../modules/ble/ble_cmd.c:416:13:gp_handler	64	static
../modules/ble/ble_cmd.c:424:13:gg_handler	104	static
../modules/ble/ble_cmd.c:432:13:rs_handler	16	static
