../Drivers/CMSIS/Include/core_cm4.h:2102:26:__NVIC_GetPriorityGrouping	4	static
../Drivers/CMSIS/Include/core_cm4.h:2113:22:__NVIC_EnableIRQ	16	static,ignoring_inline_asm
../Drivers/CMSIS/Include/core_cm4.h:2228:22:__NVIC_SetPriority	16	static
../Drivers/CMSIS/Include/core_cm4.h:2267:26:NVIC_EncodePriority	40	static
../Drivers/STM32F4xx_HAL_Driver/Inc/stm32f4xx_ll_bus.h:410:22:LL_AHB1_GRP1_EnableClock	24	static
../Drivers/STM32F4xx_HAL_Driver/Inc/stm32f4xx_ll_bus.h:1165:22:LL_APB1_GRP1_EnableClock	24	static
../Drivers/STM32F4xx_HAL_Driver/Inc/stm32f4xx_ll_dma.h:645:22:LL_DMA_EnableStream	16	static
../Drivers/STM32F4xx_HAL_Driver/Inc/stm32f4xx_ll_dma.h:763:22:LL_DMA_SetDataTransferDirection	24	static
../Drivers/STM32F4xx_HAL_Driver/Inc/stm32f4xx_ll_dma.h:818:22:LL_DMA_SetMode	24	static
../Drivers/STM32F4xx_HAL_Driver/Inc/stm32f4xx_ll_dma.h:870:22:LL_DMA_SetPeriphIncMode	24	static
../Drivers/STM32F4xx_HAL_Driver/Inc/stm32f4xx_ll_dma.h:921:22:LL_DMA_SetMemoryIncMode	24	static
../Drivers/STM32F4xx_HAL_Driver/Inc/stm32f4xx_ll_dma.h:973:22:LL_DMA_SetPeriphSize	24	static
../Drivers/STM32F4xx_HAL_Driver/Inc/stm32f4xx_ll_dma.h:1026:22:LL_DMA_SetMemorySize	24	static
../Drivers/STM32F4xx_HAL_Driver/Inc/stm32f4xx_ll_dma.h:1131:22:LL_DMA_SetStreamPriorityLevel	24	static
../Drivers/STM32F4xx_HAL_Driver/Inc/stm32f4xx_ll_dma.h:1185:22:LL_DMA_SetDataLength	24	static
../Drivers/STM32F4xx_HAL_Driver/Inc/stm32f4xx_ll_dma.h:1210:26:LL_DMA_GetDataLength	16	static
../Drivers/STM32F4xx_HAL_Driver/Inc/stm32f4xx_ll_dma.h:1242:22:LL_DMA_SetChannelSelection	24	static
../Drivers/STM32F4xx_HAL_Driver/Inc/stm32f4xx_ll_dma.h:1535:22:LL_DMA_DisableFifoMode	16	static
../Drivers/STM32F4xx_HAL_Driver/Inc/stm32f4xx_ll_dma.h:1723:22:LL_DMA_SetMemoryAddress	24	static
../Drivers/STM32F4xx_HAL_Driver/Inc/stm32f4xx_ll_dma.h:1750:22:LL_DMA_SetPeriphAddress	24	static
../Drivers/STM32F4xx_HAL_Driver/Inc/stm32f4xx_ll_dma.h:2803:22:LL_DMA_EnableIT_TE	16	static
../Drivers/STM32F4xx_HAL_Driver/Inc/stm32f4xx_ll_dma.h:2847:22:LL_DMA_EnableIT_DME	16	static
../Drivers/STM32F4xx_HAL_Driver/Inc/stm32f4xx_ll_dma.h:2869:22:LL_DMA_EnableIT_FE	16	static
../Drivers/STM32F4xx_HAL_Driver/Inc/stm32f4xx_ll_usart.h:503:22:LL_USART_Enable	16	static
../Drivers/STM32F4xx_HAL_Driver/Inc/stm32f4xx_ll_usart.h:517:22:LL_USART_Disable	16	static
../Drivers/STM32F4xx_HAL_Driver/Inc/stm32f4xx_ll_usart.h:1119:22:LL_USART_SetBaudRate	288	static
../Drivers/STM32F4xx_HAL_Driver/Inc/stm32f4xx_ll_usart.h:1571:22:LL_USART_ConfigAsyncMode	16	static
../Drivers/STM32F4xx_HAL_Driver/Inc/stm32f4xx_ll_usart.h:1887:1:LL_USART_IsActiveFlag_RXNE	16	static
../Drivers/STM32F4xx_HAL_Driver/Inc/stm32f4xx_ll_usart.h:1897:26:LL_USART_IsActiveFlag_TC	16	static
../Drivers/STM32F4xx_HAL_Driver/Inc/stm32f4xx_ll_usart.h:1908:1:LL_USART_IsActiveFlag_TXE	16	static
../Drivers/STM32F4xx_HAL_Driver/Inc/stm32f4xx_ll_usart.h:2108:22:LL_USART_EnableIT_IDLE	40	static,ignoring_inline_asm
../Drivers/STM32F4xx_HAL_Driver/Inc/stm32f4xx_ll_usart.h:2148:22:LL_USART_EnableIT_PE	40	static,ignoring_inline_asm
../Drivers/STM32F4xx_HAL_Driver/Inc/stm32f4xx_ll_usart.h:2174:22:LL_USART_EnableIT_ERROR	40	static,ignoring_inline_asm
../Drivers/STM32F4xx_HAL_Driver/Inc/stm32f4xx_ll_usart.h:2381:22:LL_USART_EnableDMAReq_RX	40	static,ignoring_inline_asm
../Drivers/STM32F4xx_HAL_Driver/Inc/stm32f4xx_ll_usart.h:2464:25:LL_USART_ReceiveData8	16	static
../Drivers/STM32F4xx_HAL_Driver/Inc/stm32f4xx_ll_usart.h:2485:22:LL_USART_TransmitData8	16	static
../modules/ble/ble_port.c:38:13:ble_uart5_dma_init	8	static
../modules/ble/ble_port.c:48:13:ble_uart5_gpio_init	32	static
../modules/ble/ble_port.c:76:13:ble_uart5_init	40	static
../modules/ble/ble_port.c:113:5:ble_uart5_comm_start	8	static
../modules/ble/ble_port.c:152:5:ble_uart5_hw_init	8	static
../modules/ble/ble_port.c:174:12:ble_configure_module	224	static
../modules/ble/ble_port.c:289:5:ble_uart5_send	24	static
../modules/ble/ble_port.c:302:12:ble_uart5_recv_poll	24	static,ignoring_inline_asm
../modules/ble/ble_port.c:319:5:ble_uart5_recv_line_poll	40	static
../modules/ble/ble_port.c:349:12:ble_uart5_change_baudrate	16	static
../modules/ble/ble_port.c:358:12:ble_send_at_command_sync	160	static,ignoring_inline_asm
../modules/ble/ble_port.c:391:12:ble_send_uart_change_command	192	static,ignoring_inline_asm
../modules/ble/ble_port.c:460:5:ble_set_at_cmd_mode	8	static
../modules/ble/ble_port.c:466:5:ble_set_bypass_mode	8	static
../modules/ble/ble_port.c:553:5:ble_port_init_instance	24	static
../modules/ble/ble_port.c:572:6:ble_port_start	16	static
../modules/ble/ble_port.c:581:6:ble_port_stop	16	static
../modules/ble/ble_port.c:590:10:ble_port_get_rx_pos	16	static
../modules/ble/ble_port.c:595:7:ble_port_get_recv_buf	4	static
../modules/ble/ble_port.c:599:6:ble_port_set_queue	16	static
