../lib/gps/gps_ubx.c:20:20:calc_ubx_chksum	24	static
../lib/gps/gps_ubx.c:38:23:check_ubx_chksum	16	static
../lib/gps/gps_ubx.c:56:13:store_ubx_nav_data	24	static
../lib/gps/gps_ubx.c:79:13:store_ubx_data	16	static
../lib/gps/gps_ubx.c:102:9:gps_parse_ubx	32	static
../lib/gps/gps_ubx.c:169:17:get_tick_ms	8	static
../lib/gps/gps_ubx.c:191:6:ubx_calc_checksum	32	static
../lib/gps/gps_ubx.c:219:6:ubx_cmd_handler_init	16	static
../lib/gps/gps_ubx.c:249:17:ubx_get_cmd_state	24	static
../lib/gps/gps_ubx.c:283:13:handle_ubx_ack	24	static
../lib/gps/gps_ubx.c:333:15:ubx_build_valset_msg	48	static
../lib/gps/gps_ubx.c:436:6:ubx_send_valset	296	static
../lib/gps/gps_ubx.c:502:6:ubx_send_valset_cb	24	static
../lib/gps/gps_ubx.c:544:6:ubx_send_valset_sync	32	static
../lib/gps/gps_ubx.c:604:6:ubx_send_valget	320	static
../lib/gps/gps_ubx.c:712:13:store_ubx_ack_data	24	static
../lib/gps/gps_ubx.c:742:6:ubx_init_context_init	16	static
../lib/gps/gps_ubx.c:776:13:ubx_init_async_callback	24	static
../lib/gps/gps_ubx.c:856:6:ubx_init_async_start	40	static
../lib/gps/gps_ubx.c:928:6:ubx_init_async_process	32	static
../lib/gps/gps_ubx.c:1022:18:ubx_init_async_get_state	16	static
../lib/gps/gps_ubx.c:1037:6:ubx_init_async_cancel	24	static
../lib/gps/gps_ubx.c:1048:6:ubx_send_cfg_cfg	304	static
